<?xml version="1.0" encoding="utf-8"?><testsuites name="pytest tests"><testsuite name="pytest" errors="0" failures="0" skipped="0" tests="1" time="24.743" timestamp="2025-11-06T21:34:15.375097-03:00" hostname="Fabricio-pc"><testcase classname="tests.test_practice_form_e2e" name="test_practice_form_submission" time="24.678" /></testsuite></testsuites>